01 Первый тест из условия
02 Второй тест из условия
03 Третий тест из условия
04 Тест с одной трубой
05 Две одинаковых трубы
06 Две трубы с одной стороны
07 Две трубы с другой стороны
08 Две трубы на одной горизонтали (возможно)
09 Две трубы на одной горизонтали (невозможно)
10 Три трубы, очень маленькая область видимости
11 Три трубы, две области видимости
12 Три трубы, полубесконечная область
13 Пять труб на горизонтальной прямой
14 Семь труб на вертикальной прямой
15 Пять труб, очень маленкий отрезок
16 Десять труб, очень маленкий отрезок
17 20 труб по прямым, невозможно
18 30 труб по прямым, максимальное количество отрезков
19 20 труб, сеткой на векторах (13, 10), (-10, 13), минимальный отрезок
20 30 труб, сеткой на векторах (7, 9), (-9, 7), максимальное количество отрезков
21 30 одинаковых труб, очень маленький отрезок
22 40 одинаковых труб, максимальное количество отрезков
23 15 случайных труб, невозможно
24 85 труб по прямым, сжатые по вертикали, максимальное количество отрезков
25 90 труб по прямым, сжатые по горизонтали, максимальное количество отрезков
26 Сетка из 100 труб на векторах (2, 2), (-2, 2), невозможно
27 Сетка из 100 труб на векторах (3, 5), (-1, 7), минимальный отрезок
28 Сетка из 100 труб на векторах (3, 5), (5, -3), максимальное количество отрезков
29 85 труб, сжатых по горизонтали
30 90 труб, сжатых по вертикали
31 97 случайных труб, очень маленикий отрезок
32 96 случайных труб, очень маленикий отрезок
33 93 трубы по прямым, невозможно
34 95 труб по прямым, максимальное количество отрезков
35 98 труб по прямым, минимальный отрезок
36 97 труб по прямым, полубесконечный отрезок
37 100 случайных труб
38 100 случайных труб, минимальный отрезок
39 100 труб, невозможно
40 Все трубы одинаковые (очень много отрезков)
